node.exe :     
[webpack.cache.PackFileCacheStrategy] No pack 
exists at C:\Users\DELL\cyber-system\frontend\.angu
lar\cache\18.2.21\angular-webpack\d5d2759c07ad43097
517c0c73b4c5ee5717e5208.pack: Error: ENOENT: no 
such file or directory, stat 'C:\Users\DELL\cyber-s
ystem\frontend\.angular\cache\18.2.21\angular-webpa
ck\d5d2759c07ad43097517c0c73b4c5ee5717e5208\index.p
ack'
At C:\Users\DELL\AppData\Roaming\npm\ng.ps1:24 
char:5
+     & "node$exe"  
"$basedir/node_modules/@angular/cli/bin/ng.js" 
$arg ...
+     ~~~~~~~~~~~~~~~~~~~~~~~~~~~~~~~~~~~~~~~~~~~~~
~~~~~~~~~~~~~~~~~~~~
    + CategoryInfo          : NotSpecified: (    [ 
   webpack.ca...208\index.pack':String) [], Remot  
  eException
    + FullyQualifiedErrorId : NativeCommandError
 
<t> [webpack.cache.PackFileCacheStrategy] restore 
cache container: 1497.7134 ms
    [IdleFileCachePlugin] Initial cache was 
generated and cache will be persisted in 5s.
    [webpack.cache.PackFileCacheStrategy] Pack got 
invalid because of write to: ResolverCachePlugin|no
rmal|default|dependencyType=|esm|path=|C:\Users\DEL
L\cyber-system\frontend|request=|C:\Users\DELL\cybe
r-system\frontend\src\styles.css?ngGlobalStyle
asset main.e5b0e75a768f2d65.js 515 KiB {792} [cached] [immutable] (name: main)
asset polyfills.86ed5d6025035c46.js 34 KiB {461} [cached] [immutable] (name: polyfills)
asset 3rdpartylicenses.txt 19.6 KiB [cached]
asset runtime.20e766c545592615.js 924 bytes {121} [cached] [immutable] (name: runtime)
asset styles.266b36af63388aeb.css 300 bytes {869} [cached] [immutable] (name: styles)
Entrypoint main = runtime.20e766c545592615.js main.e5b0e75a768f2d65.js
Entrypoint polyfills = runtime.20e766c545592615.js polyfills.86ed5d6025035c46.js
Entrypoint styles = runtime.20e766c545592615.js styles.266b36af63388aeb.css
chunk {121} (runtime: runtime) runtime.20e766c545592615.js (runtime) 2.5 KiB [entry] [rendered]
  runtime modules 2.5 KiB 3 modules
chunk {461} (runtime: runtime) polyfills.86ed5d6025035c46.js (polyfills) 114 KiB [initial] [rendered]
  ./node_modules/zone.js/fesm2015/zone.js [935] 114 KiB {461} [built] [code generated]
    [no exports used]
    Statement (VariableDeclaration) with side effects in source code at 631:0-71
    ModuleConcatenation bailout: Module is not an ECMAScript module
    entry zone.js polyfills
chunk {792} (runtime: runtime) main.e5b0e75a768f2d65.js (main) 3.08 MiB [initial] [rendered]
  ./src/main.ts + 105 modules [72] 3.08 MiB {792} [built] [code generated]
    [no exports used]
    entry C:\Users\DELL\cyber-system\frontend\src\main.ts main
chunk {869} (runtime: runtime) styles.266b36af63388aeb.css (styles) 50 bytes (javascript) 382 bytes (css/mini-extract) [initial] [rendered]
  dependent modules 382 bytes [dependent] 1 module
  ./src/styles.css?ngGlobalStyle [5] 50 bytes {869} [built] [code generated]
    [no exports used]
    entry C:\Users\DELL\cyber-system\frontend\src\styles.css?ngGlobalStyle styles
  

LOG from webpack.Compilation
<t> runtime requirements.modules: 0.58 ms
<t> runtime requirements.chunks: 0.6574 ms
<t> runtime requirements.entries: 2.0645 ms
<t> compute affected modules: 0.0046 ms
<t> finish modules: 22.8288 ms
<t> report dependency errors and warnings: 5.2765 ms
<t> optimize dependencies: 12.049 ms
<t> create chunks: 3.8921 ms
<t> compute affected modules with chunk graph: 0.0033 ms
<t> optimize: 26.6472 ms
    4 modules hashed, 0 from cache (0.02 variants per module in average)
<t> module hashing: 10.2612 ms
    100% code generated (4 generated, 0 from cache)
<t> code generation: 679.52 ms
<t> runtime requirements.modules: 0.1261 ms
<t> runtime requirements.chunks: 0.0827 ms
<t> runtime requirements.entries: 0.6668 ms
<t> runtime requirements: 0.9302 ms
<t> hashing: initialize hash: 0.0134 ms
<t> hashing: hash warnings: 0.0044 ms
<t> hashing: hash errors: 0.0011 ms
<t> hashing: sort chunks: 0.0655 ms
<t> hashing: hash runtime modules: 1.3062 ms
<t> hashing: hash chunks: 1.3481 ms
<t> hashing: hash digest: 0.0309 ms
<t> hashing: process full hash modules: 0.0017 ms
<t> hashing: 2.8279 ms
    100% code generated (3 generated, 0 from cache)
<t> module assets: 0.0958 ms
<t> create chunk assets: 3.2918 ms
<t> process assets: 7637.9661 ms

LOG from webpack.Compiler
<t> make hook: 4941.531 ms
<t> finish make hook: 0.0468 ms
<t> finish compilation: 28.1579 ms
<t> seal compilation: 8379.2868 ms
<t> afterCompile hook: 0.0161 ms

LOG from webpack.ResolverCachePlugin
    32% really resolved (573 real resolves with 0 cached but invalid, 1219 cached valid, 0 concurrent)

LOG from webpack.FlagDependencyExportsPlugin
<t> restore cached provided exports: 1.6209 ms
<t> figure out provided exports: 15.3281 ms
    97% of exports of modules have been determined (8 no declared exports, 256 not cached, 0 flagged uncacheable, 0 from cache, 0 from mem cache, 6 additional calculations due to dependencies)
<t> store provided exports into cache: 2.3729 ms

LOG from webpack.InnerGraphPlugin
<t> infer dependency usage: 11.2531 ms

LOG from webpack.SideEffectsFlagPlugin
<t> update dependencies: 4.8584 ms

LOG from webpack.FlagDependencyUsagePlugin
<t> initialize exports usage: 0.4066 ms
<t> trace exports usage in graph: 6.6152 ms

LOG from webpack.buildChunkGraph
<t> visitModules: prepare: 2.2243 ms
<t> visitModules: visiting: 2.8062 ms
    244 queue items processed (109 blocks)
    0 chunk groups connected
    0 chunk groups processed for merging (0 module sets, 0 forked, 0 + 0 modules forked, 0 + 0 modules merged into fork, 0 resulting modules)
    0 chunk group info updated (0 already connected chunk groups reconnected)
<t> visitModules: 2.9493 ms
<t> connectChunkGroups: 0.003 ms
<t> cleanup: 0.0015 ms

LOG from webpack.SplitChunksPlugin
<t> prepare: 0.0526 ms
<t> modules: 2.0958 ms
<t> queue: 0.005 ms
<t> maxSize: 0.073 ms

LOG from webpack.ModuleConcatenationPlugin
<t> select relevant modules: 0.9372 ms
<t> sort relevant modules: 0.1385 ms
<t> find modules to concatenate: 7.7588 ms
<t> sort concat configurations: 0.0012 ms
<t> create concatenated modules: 7.1655 ms
+ 3 hidden lines

LOG from build-angular.JavaScriptOptimizerPlugin
<t> optimize asset: runtime.42b4427685d470d2.js: 245.7335 ms
<t> optimize asset: polyfills.9fe47801b430be60.js: 680.3596 ms
<t> optimize asset: main.ba94ff7182294d25.js: 6210.9323 ms
<t> optimize js assets: 6292.2044 ms

LOG from build-angular.CssOptimizerPlugin
<t> optimize asset: styles.5ffedd6ad832dd49.css: 5.7088 ms
<t> optimize css assets: 6.0344 ms

LOG from webpack.FileSystemInfo
    832 new snapshots created
    0% root snapshot uncached (0 / 1219)
    0% children snapshot uncached (0 / 0)
    0 entries tested
    File info in cache: 132 timestamps 43 hashes 43 timestamp hash combinations
    File timestamp snapshot optimization: 24% (14/59) entries shared via 2 shared snapshots (2 times referenced)
    File timestamp hash combination snapshot optimization: 82% (3003/3663) entries shared via 9 shared snapshots (579 times referenced)
    Directory info in cache: 0 timestamps 0 hashes 0 timestamp hash combinations
    Missing items snapshot optimization: 63% (391/618) entries shared via 19 shared snapshots (77 times referenced)
    Managed items info in cache: 64 items
    Managed items snapshot optimization: 16% (181/1161) entries shared via 12 shared snapshots (29 times referenced)
    Managed files snapshot optimization: 80% (3336/4166) entries shared via 181 shared snapshots (759 times referenced)
    Managed missing snapshot optimization: 85% (3784/4448) entries shared via 225 shared snapshots (651 times referenced)

WARNING in C:/Users/DELL/cyber-system/frontend/src/app/components/dashboard/dashboard.component.css exceeded maximum budget. Budget 2.05 kB was not met by 2.11 kB with a total of 4.16 kB.
Error: C:/Users/DELL/cyber-system/frontend/src/app/components/dashboard/dashboard.component.css exceeded maximum budget. Budget 2.05 kB was not met by 2.11 kB with a total of 4.16 kB.
    at addWarning (C:\Users\DELL\cyber-system\frontend\node_modules\@angular-devkit\build-angular\src\utils\webpack-diagnostics.js:13:31)
    at C:\Users\DELL\cyber-system\frontend\node_modules\@angular-devkit\build-angular\src\tools\webpack\plugins\any-component-style-budget-checker.js:73:66
    at fn (C:\Users\DELL\cyber-system\frontend\node_modules\webpack\lib\Compilation.js:491:10)
    at _next3 (eval at create (C:\Users\DELL\cyber-system\frontend\node_modules\tapable\lib\HookCodeFactory.js:31:10), <anonymous>:21:1)
    at eval (eval at create (C:\Users\DELL\cyber-system\frontend\node_modules\tapable\lib\HookCodeFactory.js:31:10), <anonymous>:37:1)
    at process.processTicksAndRejections (node:internal/process/task_queues:104:5)

WARNING in C:/Users/DELL/cyber-system/frontend/src/app/components/incidents/incidents.component.css exceeded maximum budget. Budget 2.05 kB was not met by 3.56 kB with a total of 5.60 kB.
Error: C:/Users/DELL/cyber-system/frontend/src/app/components/incidents/incidents.component.css exceeded maximum budget. Budget 2.05 kB was not met by 3.56 kB with a total of 5.60 kB.
    [webpack.cache.PackFileCacheStrategy] Storing 
pack...
    [webpack.cache.PackFileCacheStrategy] 
Capturing build dependencies... ()
    at addWarning (C:\Users\DELL\cyber-system\frontend\node_modules\@angular-devkit\build-angular\src\utils\webpack-diagnostics.js:13:31)
    at C:\Users\DELL\cyber-system\frontend\node_modules\@angular-devkit\build-angular\src\tools\webpack\plugins\any-component-style-budget-checker.js:73:66
    at fn (C:\Users\DELL\cyber-system\frontend\node_modules\webpack\lib\Compilation.js:491:10)
    at _next3 (eval at create (C:\Users\DELL\cyber-system\frontend\node_modules\tapable\lib\HookCodeFactory.js:31:10), <anonymous>:21:1)
    at eval (eval at create (C:\Users\DELL\cyber-system\frontend\node_modules\tapable\lib\HookCodeFactory.js:31:10), <anonymous>:37:1)
    at process.processTicksAndRejections (node:internal/process/task_queues:104:5)

WARNING in C:/Users/DELL/cyber-system/frontend/src/app/components/navbar/navbar.component.css exceeded maximum budget. Budget 2.05 kB was not met by 94 bytes with a total of 2.14 kB.
Error: C:/Users/DELL/cyber-system/frontend/src/app/components/navbar/navbar.component.css exceeded maximum budget. Budget 2.05 kB was not met by 94 bytes with a total of 2.14 kB.
    at addWarning (C:\Users\DELL\cyber-system\frontend\node_modules\@angular-devkit\build-angular\src\utils\webpack-diagnostics.js:13:31)
    at C:\Users\DELL\cyber-system\frontend\node_modules\@angular-devkit\build-angular\src\tools\webpack\plugins\any-component-style-budget-checker.js:73:66
    at fn (C:\Users\DELL\cyber-system\frontend\node_modules\webpack\lib\Compilation.js:491:10)
    at _next3 (eval at create (C:\Users\DELL\cyber-system\frontend\node_modules\tapable\lib\HookCodeFactory.js:31:10), <anonymous>:21:1)
    at eval (eval at create (C:\Users\DELL\cyber-system\frontend\node_modules\tapable\lib\HookCodeFactory.js:31:10), <anonymous>:37:1)
    at process.processTicksAndRejections (node:internal/process/task_queues:104:5)

ERROR in C:/Users/DELL/cyber-system/frontend/src/app/components/dashboard/dashboard.component.css exceeded maximum budget. Budget 4.10 kB was not met by 60 bytes with a total of 4.16 kB.
Error: C:/Users/DELL/cyber-system/frontend/src/app/components/dashboard/dashboard.component.css exceeded maximum budget. Budget 4.10 kB was not met by 60 bytes with a total of 4.16 kB.
    at addError (C:\Users\DELL\cyber-system\frontend\node_modules\@angular-devkit\build-angular\src\utils\webpack-diagnostics.js:16:29)
    at C:\Users\DELL\cyber-system\frontend\node_modules\@angular-devkit\build-angular\src\tools\webpack\plugins\any-component-style-budget-checker.js:76:64
    at fn (C:\Users\DELL\cyber-system\frontend\node_modules\webpack\lib\Compilation.js:491:10)
    at _next3 (eval at create (C:\Users\DELL\cyber-system\frontend\node_modules\tapable\lib\HookCodeFactory.js:31:10), <anonymous>:21:1)
    at eval (eval at create (C:\Users\DELL\cyber-system\frontend\node_modules\tapable\lib\HookCodeFactory.js:31:10), <anonymous>:37:1)
    at process.processTicksAndRejections (node:internal/process/task_queues:104:5)

ERROR in C:/Users/DELL/cyber-system/frontend/src/app/components/incidents/incidents.component.css exceeded maximum budget. Budget 4.10 kB was not met by 1.51 kB with a total of 5.60 kB.
Error: C:/Users/DELL/cyber-system/frontend/src/app/components/incidents/incidents.component.css exceeded maximum budget. Budget 4.10 kB was not met by 1.51 kB with a total of 5.60 kB.
    at addError (C:\Users\DELL\cyber-system\frontend\node_modules\@angular-devkit\build-angular\src\utils\webpack-diagnostics.js:16:29)
    at C:\Users\DELL\cyber-system\frontend\node_modules\@angular-devkit\build-angular\src\tools\webpack\plugins\any-component-style-budget-checker.js:76:64
    at fn (C:\Users\DELL\cyber-system\frontend\node_modules\webpack\lib\Compilation.js:491:10)
    at _next3 (eval at create (C:\Users\DELL\cyber-system\frontend\node_modules\tapable\lib\HookCodeFactory.js:31:10), <anonymous>:21:1)
    at eval (eval at create (C:\Users\DELL\cyber-system\frontend\node_modules\tapable\lib\HookCodeFactory.js:31:10), <anonymous>:37:1)
    at process.processTicksAndRejections (node:internal/process/task_queues:104:5)

2026-04-16 11:31:04: webpack 5.94.0 compiled in 14813 ms (170d327ceda47a0a)
<t> [webpack.cache.PackFileCacheStrategy] resolve 
build dependencies: 3.226 ms
<t> [webpack.cache.PackFileCacheStrategy] snapshot 
build dependencies: 0.1138 ms
    [webpack.cache.PackFileCacheStrategy] Captured 
build dependencies
    [webpack.cache.PackFileCacheStrategy] 1163 
fresh items in cache put into pack 0
    [webpack.cache.PackFileCacheStrategy] 
Serialization of 'Compilation/modules|C:\Users\DELL
\cyber-system\frontend\node_modules\@angular-devkit
\build-angular\src\tools\babel\webpack-loader.js??r
uleSet[1].rules[2].use[0]!C:\Users\DELL\cyber-syste
m\frontend\node_modules\@ngtools\webpack\src\ivy\in
dex.js!C:\Users\DELL\cyber-system\frontend\src\app\
components\dashboard\dashboard.component.ts': 
1.0816 ms
    [webpack.cache.PackFileCacheStrategy] 
Serialization of 'Compilation/modules|C:\Users\DELL
\cyber-system\frontend\node_modules\@angular-devkit
\build-angular\src\tools\babel\webpack-loader.js??r
uleSet[1].rules[2].use[0]!C:\Users\DELL\cyber-syste
m\frontend\node_modules\@ngtools\webpack\src\ivy\in
dex.js!C:\Users\DELL\cyber-system\frontend\src\app\
components\incidents\incidents.component.ts': 
3.1989 ms
    [webpack.cache.PackFileCacheStrategy] 
Serialization of 'Compilation/modules|C:\Users\DELL
\cyber-system\frontend\node_modules\@angular-devkit
\build-angular\src\tools\babel\webpack-loader.js??r
uleSet[1].rules[2].use[0]!C:\Users\DELL\cyber-syste
m\frontend\node_modules\@ngtools\webpack\src\ivy\in
dex.js!C:\Users\DELL\cyber-system\frontend\src\app\
components\manage-incident\manage-incident.componen
t.ts': 2.2452 ms
    [webpack.cache.PackFileCacheStrategy] 
Serialization of 'Compilation/modules|javascript/es
m|C:\Users\DELL\cyber-system\frontend\node_modules\
@angular-devkit\build-angular\src\tools\babel\webpa
ck-loader.js??ruleSet[1].rules[2].use[0]!C:\Users\D
ELL\cyber-system\frontend\node_modules\@angular\com
mon\fesm2022\http.mjs': 1.0577 ms
    [webpack.cache.PackFileCacheStrategy] 
Serialization of 'Compilation/modules|javascript/es
m|C:\Users\DELL\cyber-system\frontend\node_modules\
@angular-devkit\build-angular\src\tools\babel\webpa
ck-loader.js??ruleSet[1].rules[2].use[0]!C:\Users\D
ELL\cyber-system\frontend\node_modules\@angular\rou
ter\fesm2022\router.mjs': 4.5475 ms
    [webpack.cache.PackFileCacheStrategy] 
Serialization of 'Compilation/modules|javascript/es
m|C:\Users\DELL\cyber-system\frontend\node_modules\
@angular-devkit\build-angular\src\tools\babel\webpa
ck-loader.js??ruleSet[1].rules[2].use[0]!C:\Users\D
ELL\cyber-system\frontend\node_modules\@angular\pla
tform-browser\fesm2022\platform-browser.mjs': 
1.3116 ms
    [webpack.cache.PackFileCacheStrategy] 
Serialization of 'Compilation/modules|C:\Users\DELL
\cyber-system\frontend\node_modules\@angular-devkit
\build-angular\src\tools\babel\webpack-loader.js??r
uleSet[1].rules[2].use[0]!C:\Users\DELL\cyber-syste
m\frontend\node_modules\@ngtools\webpack\src\ivy\in
dex.js!C:\Users\DELL\cyber-system\frontend\src\app\
guards\auth.guard.ts': 1.5919 ms
    [webpack.cache.PackFileCacheStrategy] 
Serialization of 'Compilation/modules|javascript/es
m|C:\Users\DELL\cyber-system\frontend\node_modules\
@angular-devkit\build-angular\src\tools\babel\webpa
ck-loader.js??ruleSet[1].rules[2].use[0]!C:\Users\D
ELL\cyber-system\frontend\node_modules\@angular\cor
e\fesm2022\core.mjs': 2.3397 ms
    [webpack.cache.PackFileCacheStrategy] 
Serialization of 'Compilation/modules|javascript/es
m|C:\Users\DELL\cyber-system\frontend\node_modules\
@angular-devkit\build-angular\src\tools\babel\webpa
ck-loader.js??ruleSet[1].rules[2].use[0]!C:\Users\D
ELL\cyber-system\frontend\node_modules\@angular\com
mon\fesm2022\common.mjs': 2.5911 ms
    [webpack.cache.PackFileCacheStrategy] 
Serialization of 'Compilation/modules|javascript/es
m|C:\Users\DELL\cyber-system\frontend\node_modules\
@angular-devkit\build-angular\src\tools\babel\webpa
ck-loader.js??ruleSet[1].rules[2].use[0]!C:\Users\D
ELL\cyber-system\frontend\node_modules\@angular\for
ms\fesm2022\forms.mjs': 1.661 ms
    [webpack.cache.PackFileCacheStrategy] 
Serialization of 'Compilation/modules|C:\Users\DELL
\cyber-system\frontend\node_modules\@angular-devkit
\build-angular\src\tools\babel\webpack-loader.js??r
uleSet[1].rules[2].use[0]!C:\Users\DELL\cyber-syste
m\frontend\node_modules\rxjs\dist\esm\operators\ind
ex.js': 1.5272 ms
    [webpack.cache.PackFileCacheStrategy] 
Serialization of 'Compilation/modules|C:\Users\DELL
\cyber-system\frontend\node_modules\@angular-devkit
\build-angular\src\tools\babel\webpack-loader.js??r
uleSet[1].rules[2].use[0]!C:\Users\DELL\cyber-syste
m\frontend\node_modules\rxjs\dist\esm\index.js': 
1.1948 ms
    [webpack.cache.PackFileCacheStrategy] 
Serialization of 'Compilation/modules|javascript/es
m|C:\Users\DELL\cyber-system\frontend\node_modules\
@angular-devkit\build-angular\src\tools\babel\webpa
ck-loader.js??ruleSet[1].rules[2].use[0]!C:\Users\D
ELL\cyber-system\frontend\node_modules\chart.js\dis
t\chart.js': 2.1618 ms
    [webpack.cache.PackFileCacheStrategy] 
Serialization of 'Compilation/modules|C:\Users\DELL
\cyber-system\frontend\node_modules\@angular-devkit
\build-angular\src\tools\babel\webpack-loader.js??r
uleSet[1].rules[2].use[0]!C:\Users\DELL\cyber-syste
m\frontend\node_modules\rxjs\dist\esm\internal\oper
ators\mergeMap.js': 3.881 ms
    [webpack.cache.PackFileCacheStrategy] 
Serialization of 'Compilation/modules|C:\Users\DELL
\cyber-system\frontend\node_modules\@angular-devkit
\build-angular\src\tools\babel\webpack-loader.js??r
uleSet[1].rules[2].use[0]!C:\Users\DELL\cyber-syste
m\frontend\node_modules\rxjs\dist\esm\internal\Subj
ect.js': 2.3109 ms
<i> [webpack.cache.PackFileCacheStrategy] 
Serialization of 'Compilation/codeGeneration|C:\Use
rs\DELL\cyber-system\frontend\node_modules\@angular
-devkit\build-angular\src\tools\babel\webpack-loade
r.js??ruleSet[1].rules[2].use[0]!C:\Users\DELL\cybe
r-system\frontend\node_modules\@ngtools\webpack\src
\ivy\index.js!C:\Users\DELL\cyber-system\frontend\s
rc\main.ts|e4861a3bbdd0d6ed|runtime': 22.2134 ms
    [webpack.cache.PackFileCacheStrategy] 
Serialization of 'Compilation/assets|chunk792': 
9.6504 ms
<t> [webpack.cache.PackFileCacheStrategy] store 
pack: 268.2096 ms
    [webpack.cache.PackFileCacheStrategy] Stored 
pack (1163 items, 1 files, 45 MiB)
[1m[33m
Warning: C:/Users/DELL/cyber-system/frontend/src/ap
p/components/dashboard/dashboard.component.css 
exceeded maximum budget. Budget 2.05 kB was not 
met by 2.11 kB with a total of 4.16 kB.

Warning: C:/Users/DELL/cyber-system/frontend/src/ap
p/components/incidents/incidents.component.css 
exceeded maximum budget. Budget 2.05 kB was not 
met by 3.56 kB with a total of 5.60 kB.

Warning: C:/Users/DELL/cyber-system/frontend/src/ap
p/components/navbar/navbar.component.css exceeded 
maximum budget. Budget 2.05 kB was not met by 94 
bytes with a total of 2.14 kB.

[39m[22m
[1m[31m
Error: C:/Users/DELL/cyber-system/frontend/src/app/
components/dashboard/dashboard.component.css 
exceeded maximum budget. Budget 4.10 kB was not 
met by 60 bytes with a total of 4.16 kB.

Error: C:/Users/DELL/cyber-system/frontend/src/app/
components/incidents/incidents.component.css 
exceeded maximum budget. Budget 4.10 kB was not 
met by 1.51 kB with a total of 5.60 kB.

[39m[22m
